  ??Next.js 14.2.35
  - Environments: .env.local, .env

   Creating an optimized production build ...
 ??Compiled successfully
   Linting and checking validity of types ...
node.exe : Failed to compile.
위치 줄:1 문자:1
+ & "C:\nvm4w\nodejs/node.exe
" "C:\nvm4w\nodejs/node_modul
es/npm/bin/np ...
+ ~~~~~~~~~~~~~~~~~~~~~~~~~~~
~~~~~~~~~~~~~~~~~~~~~~~~~~~~~
~~~~~~~~~~~~~
    + CategoryInfo           
   : NotSpecified: (Failed   
  to compile.:String) [],    
 RemoteException
    + FullyQualifiedErrorId  
   : NativeCommandError
 

./src/app/chats/page.tsx:10:4
8
Type error: Cannot find name 
'useAppStore'.

[0m [90m  8 |[39m [36mexp
ort[39m [36mdefault[39m [
36mfunction[39m [33mChatsPa
ge[39m() {[0m
[0m [90m  9 |[39m     [36
mconst[39m router [33m=[39
m useRouter()[0m
[0m[31m[1m>[22m[39m[90m
 10 |[39m     [36mconst[39
m { setConsultationId[33m,[
39m setMessages } [33m=[39m
 useAppStore()[0m
[0m [90m    |[39m         
                             
          [31m[1m^[22m[39
m[0m
[0m [90m 11 |[39m     [36
mconst[39m [search[33m,[39
m setSearch] [33m=[39m useS
tate([32m''[39m)[0m
[0m [90m 12 |[39m     [36
mconst[39m [chats[33m,[39m
 setChats] [33m=[39m useSta
te[33m<[39m{ id[33m:[39m 
number[33m,[39m title[33m:
[39m string[33m,[39m date
[33m:[39m string }[][33m>[
39m([])[0m
[0m [90m 13 |[39m     [36
mconst[39m [loading[33m,[3
9m setLoading] [33m=[39m us
eState([36mtrue[39m)[0m
Next.js build worker exited w
ith code: 1 and signal: null
